// Jest Snapshot v1, https://goo.gl/fbAQLP

exports[`Snapshot 1`] = `
Object {
  "Outputs": Object {
    "EksClusterConfigCommandB0A02A32": Object {
      "Value": Object {
        "Fn::Join": Array [
          "",
          Array [
            "aws eks update-kubeconfig --name ",
            Object {
              "Ref": "EksCluster31636A33",
            },
            " --region ",
            Object {
              "Ref": "AWS::Region",
            },
            " --role-arn ",
            Object {
              "Fn::GetAtt": Array [
                "EksClusterMastersRoleBD01785B",
                "Arn",
              ],
            },
          ],
        ],
      },
    },
    "EksClusterGetTokenCommand3CCEB353": Object {
      "Value": Object {
        "Fn::Join": Array [
          "",
          Array [
            "aws eks get-token --cluster-name ",
            Object {
              "Ref": "EksCluster31636A33",
            },
            " --region ",
            Object {
              "Ref": "AWS::Region",
            },
            " --role-arn ",
            Object {
              "Fn::GetAtt": Array [
                "EksClusterMastersRoleBD01785B",
                "Arn",
              ],
            },
          ],
        ],
      },
    },
  },
  "Parameters": Object {
    "AssetParameters4287ecdbeaaf6e8e1a62c84f90eaf68e9c7ed8a17c7a2a8e2044fcb2e4afcfc1ArtifactHashAF290C6A": Object {
      "Description": "Artifact hash for asset \\"4287ecdbeaaf6e8e1a62c84f90eaf68e9c7ed8a17c7a2a8e2044fcb2e4afcfc1\\"",
      "Type": "String",
    },
    "AssetParameters4287ecdbeaaf6e8e1a62c84f90eaf68e9c7ed8a17c7a2a8e2044fcb2e4afcfc1S3Bucket2DEA37BC": Object {
      "Description": "S3 bucket for asset \\"4287ecdbeaaf6e8e1a62c84f90eaf68e9c7ed8a17c7a2a8e2044fcb2e4afcfc1\\"",
      "Type": "String",
    },
    "AssetParameters4287ecdbeaaf6e8e1a62c84f90eaf68e9c7ed8a17c7a2a8e2044fcb2e4afcfc1S3VersionKey010AEC34": Object {
      "Description": "S3 key for asset version \\"4287ecdbeaaf6e8e1a62c84f90eaf68e9c7ed8a17c7a2a8e2044fcb2e4afcfc1\\"",
      "Type": "String",
    },
    "AssetParameters50e10880d134a01b440991fc77d217f39f01c2d56945215ee9a3b81187c6f3b1ArtifactHash32F5D823": Object {
      "Description": "Artifact hash for asset \\"50e10880d134a01b440991fc77d217f39f01c2d56945215ee9a3b81187c6f3b1\\"",
      "Type": "String",
    },
    "AssetParameters50e10880d134a01b440991fc77d217f39f01c2d56945215ee9a3b81187c6f3b1S3Bucket36C546E0": Object {
      "Description": "S3 bucket for asset \\"50e10880d134a01b440991fc77d217f39f01c2d56945215ee9a3b81187c6f3b1\\"",
      "Type": "String",
    },
    "AssetParameters50e10880d134a01b440991fc77d217f39f01c2d56945215ee9a3b81187c6f3b1S3VersionKey85C003F9": Object {
      "Description": "S3 key for asset version \\"50e10880d134a01b440991fc77d217f39f01c2d56945215ee9a3b81187c6f3b1\\"",
      "Type": "String",
    },
    "AssetParameters752aa9e7fcf8477dc4910d637ca8e9259ba59e7f1a7d4a3d88ecb6c3c13813f8ArtifactHash664BAE0D": Object {
      "Description": "Artifact hash for asset \\"752aa9e7fcf8477dc4910d637ca8e9259ba59e7f1a7d4a3d88ecb6c3c13813f8\\"",
      "Type": "String",
    },
    "AssetParameters752aa9e7fcf8477dc4910d637ca8e9259ba59e7f1a7d4a3d88ecb6c3c13813f8S3BucketA67326D3": Object {
      "Description": "S3 bucket for asset \\"752aa9e7fcf8477dc4910d637ca8e9259ba59e7f1a7d4a3d88ecb6c3c13813f8\\"",
      "Type": "String",
    },
    "AssetParameters752aa9e7fcf8477dc4910d637ca8e9259ba59e7f1a7d4a3d88ecb6c3c13813f8S3VersionKey7F484692": Object {
      "Description": "S3 key for asset version \\"752aa9e7fcf8477dc4910d637ca8e9259ba59e7f1a7d4a3d88ecb6c3c13813f8\\"",
      "Type": "String",
    },
    "AssetParameters8feff37f34dabaaa3790cb04231503d5bc7696dc5511750b5ba4ef0fba00dad8ArtifactHash02400B1A": Object {
      "Description": "Artifact hash for asset \\"8feff37f34dabaaa3790cb04231503d5bc7696dc5511750b5ba4ef0fba00dad8\\"",
      "Type": "String",
    },
    "AssetParameters8feff37f34dabaaa3790cb04231503d5bc7696dc5511750b5ba4ef0fba00dad8S3BucketE7703177": Object {
      "Description": "S3 bucket for asset \\"8feff37f34dabaaa3790cb04231503d5bc7696dc5511750b5ba4ef0fba00dad8\\"",
      "Type": "String",
    },
    "AssetParameters8feff37f34dabaaa3790cb04231503d5bc7696dc5511750b5ba4ef0fba00dad8S3VersionKey8064C81D": Object {
      "Description": "S3 key for asset version \\"8feff37f34dabaaa3790cb04231503d5bc7696dc5511750b5ba4ef0fba00dad8\\"",
      "Type": "String",
    },
    "AssetParametersbafd50ae9f214e496ff8c72c6425f93dca3ccd590e20963706d5d610d9c75757ArtifactHashF584A7D8": Object {
      "Description": "Artifact hash for asset \\"bafd50ae9f214e496ff8c72c6425f93dca3ccd590e20963706d5d610d9c75757\\"",
      "Type": "String",
    },
    "AssetParametersbafd50ae9f214e496ff8c72c6425f93dca3ccd590e20963706d5d610d9c75757S3Bucket008DBB35": Object {
      "Description": "S3 bucket for asset \\"bafd50ae9f214e496ff8c72c6425f93dca3ccd590e20963706d5d610d9c75757\\"",
      "Type": "String",
    },
    "AssetParametersbafd50ae9f214e496ff8c72c6425f93dca3ccd590e20963706d5d610d9c75757S3VersionKey97C3E1A0": Object {
      "Description": "S3 key for asset version \\"bafd50ae9f214e496ff8c72c6425f93dca3ccd590e20963706d5d610d9c75757\\"",
      "Type": "String",
    },
    "AssetParametersc691172cdeefa2c91b5a2907f9d81118e47597634943344795f1a844192dd49cArtifactHash627DAAA7": Object {
      "Description": "Artifact hash for asset \\"c691172cdeefa2c91b5a2907f9d81118e47597634943344795f1a844192dd49c\\"",
      "Type": "String",
    },
    "AssetParametersc691172cdeefa2c91b5a2907f9d81118e47597634943344795f1a844192dd49cS3BucketEAC9DD43": Object {
      "Description": "S3 bucket for asset \\"c691172cdeefa2c91b5a2907f9d81118e47597634943344795f1a844192dd49c\\"",
      "Type": "String",
    },
    "AssetParametersc691172cdeefa2c91b5a2907f9d81118e47597634943344795f1a844192dd49cS3VersionKeyDD9AE9E7": Object {
      "Description": "S3 key for asset version \\"c691172cdeefa2c91b5a2907f9d81118e47597634943344795f1a844192dd49c\\"",
      "Type": "String",
    },
  },
  "Resources": Object {
    "EksCluster31636A33": Object {
      "DeletionPolicy": "Delete",
      "DependsOn": Array [
        "EksClusterCreationRoleDefaultPolicy4FAA42BC",
        "EksClusterCreationRole2EDEA315",
        "VpcIGWD7BA715C",
        "VpcPrivateSubnet1DefaultRouteBE02A9ED",
        "VpcPrivateSubnet1RouteTableB2C5B500",
        "VpcPrivateSubnet1RouteTableAssociation70C59FA6",
        "VpcPrivateSubnet1Subnet536B997A",
        "VpcPrivateSubnet2DefaultRoute060D2087",
        "VpcPrivateSubnet2RouteTableA678073B",
        "VpcPrivateSubnet2RouteTableAssociationA89CAD56",
        "VpcPrivateSubnet2Subnet3788AAA1",
        "VpcPublicSubnet1DefaultRoute3DA9E72A",
        "VpcPublicSubnet1EIPD7E02669",
        "VpcPublicSubnet1NATGateway4D7517AA",
        "VpcPublicSubnet1RouteTable6C95E38E",
        "VpcPublicSubnet1RouteTableAssociation97140677",
        "VpcPublicSubnet1Subnet5C2D37C4",
        "VpcPublicSubnet2DefaultRoute97F91067",
        "VpcPublicSubnet2RouteTable94F7E489",
        "VpcPublicSubnet2RouteTableAssociationDD5762D8",
        "VpcPublicSubnet2Subnet691E08A3",
        "Vpc8378EB38",
        "VpcVPCGWBF912B6E",
      ],
      "Properties": Object {
        "AssumeRoleArn": Object {
          "Fn::GetAtt": Array [
            "EksClusterCreationRole2EDEA315",
            "Arn",
          ],
        },
        "AttributesRevision": 2,
        "Config": Object {
          "resourcesVpcConfig": Object {
            "endpointPrivateAccess": true,
            "endpointPublicAccess": true,
            "securityGroupIds": Array [
              Object {
                "Fn::GetAtt": Array [
                  "EksClusterControlPlaneSecurityGroupEA47F426",
                  "GroupId",
                ],
              },
            ],
            "subnetIds": Array [
              Object {
                "Ref": "VpcPublicSubnet1Subnet5C2D37C4",
              },
              Object {
                "Ref": "VpcPublicSubnet2Subnet691E08A3",
              },
              Object {
                "Ref": "VpcPrivateSubnet1Subnet536B997A",
              },
              Object {
                "Ref": "VpcPrivateSubnet2Subnet3788AAA1",
              },
            ],
          },
          "roleArn": Object {
            "Fn::GetAtt": Array [
              "EksClusterRoleCA290825",
              "Arn",
            ],
          },
          "version": "1.18",
        },
        "ServiceToken": Object {
          "Fn::GetAtt": Array [
            "awscdkawseksClusterResourceProviderNestedStackawscdkawseksClusterResourceProviderNestedStackResource9827C454",
            "Outputs.testawscdkawseksClusterResourceProviderframeworkonEvent05C9E6FDArn",
          ],
        },
      },
      "Type": "Custom::AWSCDK-EKS-Cluster",
      "UpdateReplacePolicy": "Delete",
    },
    "EksClusterAwsAuthmanifest62B4B967": Object {
      "DeletionPolicy": "Delete",
      "DependsOn": Array [
        "EksClusterKubectlReadyBarrierC53DBB12",
      ],
      "Properties": Object {
        "ClusterName": Object {
          "Ref": "EksCluster31636A33",
        },
        "Manifest": Object {
          "Fn::Join": Array [
            "",
            Array [
              "[{\\"apiVersion\\":\\"v1\\",\\"kind\\":\\"ConfigMap\\",\\"metadata\\":{\\"name\\":\\"aws-auth\\",\\"namespace\\":\\"kube-system\\",\\"labels\\":{\\"aws.cdk.eks/prune-c896b0c48bdc291ad579b83034ad244cc771828e8c\\":\\"\\"}},\\"data\\":{\\"mapRoles\\":\\"[{\\\\\\"rolearn\\\\\\":\\\\\\"",
              Object {
                "Fn::GetAtt": Array [
                  "EksClusterMastersRoleBD01785B",
                  "Arn",
                ],
              },
              "\\\\\\",\\\\\\"username\\\\\\":\\\\\\"",
              Object {
                "Fn::GetAtt": Array [
                  "EksClusterMastersRoleBD01785B",
                  "Arn",
                ],
              },
              "\\\\\\",\\\\\\"groups\\\\\\":[\\\\\\"system:masters\\\\\\"]},{\\\\\\"rolearn\\\\\\":\\\\\\"",
              Object {
                "Fn::GetAtt": Array [
                  "EksClusterNodegroupMNGNodeGroupRoleF55DF58D",
                  "Arn",
                ],
              },
              "\\\\\\",\\\\\\"username\\\\\\":\\\\\\"system:node:{{EC2PrivateDNSName}}\\\\\\",\\\\\\"groups\\\\\\":[\\\\\\"system:bootstrappers\\\\\\",\\\\\\"system:nodes\\\\\\"]}]\\",\\"mapUsers\\":\\"[]\\",\\"mapAccounts\\":\\"[]\\"}}]",
            ],
          ],
        },
        "Overwrite": true,
        "PruneLabel": "aws.cdk.eks/prune-c896b0c48bdc291ad579b83034ad244cc771828e8c",
        "RoleArn": Object {
          "Fn::GetAtt": Array [
            "EksClusterCreationRole2EDEA315",
            "Arn",
          ],
        },
        "ServiceToken": Object {
          "Fn::GetAtt": Array [
            "awscdkawseksKubectlProviderNestedStackawscdkawseksKubectlProviderNestedStackResourceA7AEBA6B",
            "Outputs.testawscdkawseksKubectlProviderframeworkonEvent99848F43Arn",
          ],
        },
      },
      "Type": "Custom::AWSCDK-EKS-KubernetesResource",
      "UpdateReplacePolicy": "Delete",
    },
    "EksClusterControlPlaneSecurityGroupEA47F426": Object {
      "Properties": Object {
        "GroupDescription": "EKS Control Plane Security Group",
        "SecurityGroupEgress": Array [
          Object {
            "CidrIp": "0.0.0.0/0",
            "Description": "Allow all outbound traffic by default",
            "IpProtocol": "-1",
          },
        ],
        "VpcId": Object {
          "Ref": "Vpc8378EB38",
        },
      },
      "Type": "AWS::EC2::SecurityGroup",
    },
    "EksClusterCreationRole2EDEA315": Object {
      "DependsOn": Array [
        "VpcIGWD7BA715C",
        "VpcPrivateSubnet1DefaultRouteBE02A9ED",
        "VpcPrivateSubnet1RouteTableB2C5B500",
        "VpcPrivateSubnet1RouteTableAssociation70C59FA6",
        "VpcPrivateSubnet1Subnet536B997A",
        "VpcPrivateSubnet2DefaultRoute060D2087",
        "VpcPrivateSubnet2RouteTableA678073B",
        "VpcPrivateSubnet2RouteTableAssociationA89CAD56",
        "VpcPrivateSubnet2Subnet3788AAA1",
        "VpcPublicSubnet1DefaultRoute3DA9E72A",
        "VpcPublicSubnet1EIPD7E02669",
        "VpcPublicSubnet1NATGateway4D7517AA",
        "VpcPublicSubnet1RouteTable6C95E38E",
        "VpcPublicSubnet1RouteTableAssociation97140677",
        "VpcPublicSubnet1Subnet5C2D37C4",
        "VpcPublicSubnet2DefaultRoute97F91067",
        "VpcPublicSubnet2RouteTable94F7E489",
        "VpcPublicSubnet2RouteTableAssociationDD5762D8",
        "VpcPublicSubnet2Subnet691E08A3",
        "Vpc8378EB38",
        "VpcVPCGWBF912B6E",
      ],
      "Properties": Object {
        "AssumeRolePolicyDocument": Object {
          "Statement": Array [
            Object {
              "Action": "sts:AssumeRole",
              "Effect": "Allow",
              "Principal": Object {
                "AWS": Object {
                  "Fn::Join": Array [
                    "",
                    Array [
                      "arn:",
                      Object {
                        "Ref": "AWS::Partition",
                      },
                      ":iam::",
                      Object {
                        "Ref": "AWS::AccountId",
                      },
                      ":root",
                    ],
                  ],
                },
              },
            },
          ],
          "Version": "2012-10-17",
        },
      },
      "Type": "AWS::IAM::Role",
    },
    "EksClusterCreationRoleDefaultPolicy4FAA42BC": Object {
      "DependsOn": Array [
        "VpcIGWD7BA715C",
        "VpcPrivateSubnet1DefaultRouteBE02A9ED",
        "VpcPrivateSubnet1RouteTableB2C5B500",
        "VpcPrivateSubnet1RouteTableAssociation70C59FA6",
        "VpcPrivateSubnet1Subnet536B997A",
        "VpcPrivateSubnet2DefaultRoute060D2087",
        "VpcPrivateSubnet2RouteTableA678073B",
        "VpcPrivateSubnet2RouteTableAssociationA89CAD56",
        "VpcPrivateSubnet2Subnet3788AAA1",
        "VpcPublicSubnet1DefaultRoute3DA9E72A",
        "VpcPublicSubnet1EIPD7E02669",
        "VpcPublicSubnet1NATGateway4D7517AA",
        "VpcPublicSubnet1RouteTable6C95E38E",
        "VpcPublicSubnet1RouteTableAssociation97140677",
        "VpcPublicSubnet1Subnet5C2D37C4",
        "VpcPublicSubnet2DefaultRoute97F91067",
        "VpcPublicSubnet2RouteTable94F7E489",
        "VpcPublicSubnet2RouteTableAssociationDD5762D8",
        "VpcPublicSubnet2Subnet691E08A3",
        "Vpc8378EB38",
        "VpcVPCGWBF912B6E",
      ],
      "Properties": Object {
        "PolicyDocument": Object {
          "Statement": Array [
            Object {
              "Action": "iam:PassRole",
              "Effect": "Allow",
              "Resource": Object {
                "Fn::GetAtt": Array [
                  "EksClusterRoleCA290825",
                  "Arn",
                ],
              },
            },
            Object {
              "Action": Array [
                "ec2:DescribeSubnets",
                "ec2:DescribeRouteTables",
              ],
              "Effect": "Allow",
              "Resource": "*",
            },
            Object {
              "Action": Array [
                "eks:CreateCluster",
                "eks:DescribeCluster",
                "eks:DescribeUpdate",
                "eks:DeleteCluster",
                "eks:UpdateClusterVersion",
                "eks:UpdateClusterConfig",
                "eks:CreateFargateProfile",
                "eks:TagResource",
                "eks:UntagResource",
              ],
              "Effect": "Allow",
              "Resource": Array [
                "*",
              ],
            },
            Object {
              "Action": Array [
                "eks:DescribeFargateProfile",
                "eks:DeleteFargateProfile",
              ],
              "Effect": "Allow",
              "Resource": "*",
            },
            Object {
              "Action": Array [
                "iam:GetRole",
                "iam:listAttachedRolePolicies",
              ],
              "Effect": "Allow",
              "Resource": "*",
            },
            Object {
              "Action": "iam:CreateServiceLinkedRole",
              "Effect": "Allow",
              "Resource": "*",
            },
            Object {
              "Action": "ec2:DescribeVpcs",
              "Effect": "Allow",
              "Resource": Object {
                "Fn::Join": Array [
                  "",
                  Array [
                    "arn:",
                    Object {
                      "Ref": "AWS::Partition",
                    },
                    ":ec2:",
                    Object {
                      "Ref": "AWS::Region",
                    },
                    ":",
                    Object {
                      "Ref": "AWS::AccountId",
                    },
                    ":vpc/",
                    Object {
                      "Ref": "Vpc8378EB38",
                    },
                  ],
                ],
              },
            },
          ],
          "Version": "2012-10-17",
        },
        "PolicyName": "EksClusterCreationRoleDefaultPolicy4FAA42BC",
        "Roles": Array [
          Object {
            "Ref": "EksClusterCreationRole2EDEA315",
          },
        ],
      },
      "Type": "AWS::IAM::Policy",
    },
    "EksClusterKubectlReadyBarrierC53DBB12": Object {
      "DependsOn": Array [
        "EksClusterCreationRoleDefaultPolicy4FAA42BC",
        "EksClusterCreationRole2EDEA315",
        "EksCluster31636A33",
      ],
      "Properties": Object {
        "Type": "String",
        "Value": "aws:cdk:eks:kubectl-ready",
      },
      "Type": "AWS::SSM::Parameter",
    },
    "EksClusterMastersRoleBD01785B": Object {
      "Properties": Object {
        "AssumeRolePolicyDocument": Object {
          "Statement": Array [
            Object {
              "Action": "sts:AssumeRole",
              "Effect": "Allow",
              "Principal": Object {
                "AWS": Object {
                  "Fn::Join": Array [
                    "",
                    Array [
                      "arn:",
                      Object {
                        "Ref": "AWS::Partition",
                      },
                      ":iam::",
                      Object {
                        "Ref": "AWS::AccountId",
                      },
                      ":root",
                    ],
                  ],
                },
              },
            },
          ],
          "Version": "2012-10-17",
        },
      },
      "Type": "AWS::IAM::Role",
    },
    "EksClusterNodegroupMNG872D4BB4": Object {
      "Properties": Object {
        "AmiType": "AL2_x86_64",
        "CapacityType": "ON_DEMAND",
        "ClusterName": Object {
          "Ref": "EksCluster31636A33",
        },
        "ForceUpdateEnabled": true,
        "InstanceTypes": Array [
          "m5.large",
          "c5.large",
          "t3.large",
        ],
        "NodeRole": Object {
          "Fn::GetAtt": Array [
            "EksClusterNodegroupMNGNodeGroupRoleF55DF58D",
            "Arn",
          ],
        },
        "ScalingConfig": Object {
          "DesiredSize": 2,
          "MaxSize": 2,
          "MinSize": 1,
        },
        "Subnets": Array [
          Object {
            "Ref": "VpcPrivateSubnet1Subnet536B997A",
          },
          Object {
            "Ref": "VpcPrivateSubnet2Subnet3788AAA1",
          },
        ],
      },
      "Type": "AWS::EKS::Nodegroup",
    },
    "EksClusterNodegroupMNGNodeGroupRoleF55DF58D": Object {
      "Properties": Object {
        "AssumeRolePolicyDocument": Object {
          "Statement": Array [
            Object {
              "Action": "sts:AssumeRole",
              "Effect": "Allow",
              "Principal": Object {
                "Service": Object {
                  "Fn::Join": Array [
                    "",
                    Array [
                      "ec2.",
                      Object {
                        "Ref": "AWS::URLSuffix",
                      },
                    ],
                  ],
                },
              },
            },
          ],
          "Version": "2012-10-17",
        },
        "ManagedPolicyArns": Array [
          Object {
            "Fn::Join": Array [
              "",
              Array [
                "arn:",
                Object {
                  "Ref": "AWS::Partition",
                },
                ":iam::aws:policy/AmazonEKSWorkerNodePolicy",
              ],
            ],
          },
          Object {
            "Fn::Join": Array [
              "",
              Array [
                "arn:",
                Object {
                  "Ref": "AWS::Partition",
                },
                ":iam::aws:policy/AmazonEKS_CNI_Policy",
              ],
            ],
          },
          Object {
            "Fn::Join": Array [
              "",
              Array [
                "arn:",
                Object {
                  "Ref": "AWS::Partition",
                },
                ":iam::aws:policy/AmazonEC2ContainerRegistryReadOnly",
              ],
            ],
          },
        ],
      },
      "Type": "AWS::IAM::Role",
    },
    "EksClusterRoleCA290825": Object {
      "Properties": Object {
        "AssumeRolePolicyDocument": Object {
          "Statement": Array [
            Object {
              "Action": "sts:AssumeRole",
              "Effect": "Allow",
              "Principal": Object {
                "Service": "eks.amazonaws.com",
              },
            },
          ],
          "Version": "2012-10-17",
        },
        "ManagedPolicyArns": Array [
          Object {
            "Fn::Join": Array [
              "",
              Array [
                "arn:",
                Object {
                  "Ref": "AWS::Partition",
                },
                ":iam::aws:policy/AmazonEKSClusterPolicy",
              ],
            ],
          },
        ],
      },
      "Type": "AWS::IAM::Role",
    },
    "Vpc8378EB38": Object {
      "Properties": Object {
        "CidrBlock": "10.0.0.0/16",
        "EnableDnsHostnames": true,
        "EnableDnsSupport": true,
        "InstanceTenancy": "default",
        "Tags": Array [
          Object {
            "Key": "Name",
            "Value": "test/Vpc",
          },
        ],
      },
      "Type": "AWS::EC2::VPC",
    },
    "VpcIGWD7BA715C": Object {
      "Properties": Object {
        "Tags": Array [
          Object {
            "Key": "Name",
            "Value": "test/Vpc",
          },
        ],
      },
      "Type": "AWS::EC2::InternetGateway",
    },
    "VpcPrivateSubnet1DefaultRouteBE02A9ED": Object {
      "Properties": Object {
        "DestinationCidrBlock": "0.0.0.0/0",
        "NatGatewayId": Object {
          "Ref": "VpcPublicSubnet1NATGateway4D7517AA",
        },
        "RouteTableId": Object {
          "Ref": "VpcPrivateSubnet1RouteTableB2C5B500",
        },
      },
      "Type": "AWS::EC2::Route",
    },
    "VpcPrivateSubnet1RouteTableAssociation70C59FA6": Object {
      "Properties": Object {
        "RouteTableId": Object {
          "Ref": "VpcPrivateSubnet1RouteTableB2C5B500",
        },
        "SubnetId": Object {
          "Ref": "VpcPrivateSubnet1Subnet536B997A",
        },
      },
      "Type": "AWS::EC2::SubnetRouteTableAssociation",
    },
    "VpcPrivateSubnet1RouteTableB2C5B500": Object {
      "Properties": Object {
        "Tags": Array [
          Object {
            "Key": "kubernetes.io/role/internal-elb",
            "Value": "1",
          },
          Object {
            "Key": "Name",
            "Value": "test/Vpc/PrivateSubnet1",
          },
        ],
        "VpcId": Object {
          "Ref": "Vpc8378EB38",
        },
      },
      "Type": "AWS::EC2::RouteTable",
    },
    "VpcPrivateSubnet1Subnet536B997A": Object {
      "Properties": Object {
        "AvailabilityZone": Object {
          "Fn::Select": Array [
            0,
            Object {
              "Fn::GetAZs": "",
            },
          ],
        },
        "CidrBlock": "10.0.128.0/18",
        "MapPublicIpOnLaunch": false,
        "Tags": Array [
          Object {
            "Key": "aws-cdk:subnet-name",
            "Value": "Private",
          },
          Object {
            "Key": "aws-cdk:subnet-type",
            "Value": "Private",
          },
          Object {
            "Key": "kubernetes.io/role/internal-elb",
            "Value": "1",
          },
          Object {
            "Key": "Name",
            "Value": "test/Vpc/PrivateSubnet1",
          },
        ],
        "VpcId": Object {
          "Ref": "Vpc8378EB38",
        },
      },
      "Type": "AWS::EC2::Subnet",
    },
    "VpcPrivateSubnet2DefaultRoute060D2087": Object {
      "Properties": Object {
        "DestinationCidrBlock": "0.0.0.0/0",
        "NatGatewayId": Object {
          "Ref": "VpcPublicSubnet1NATGateway4D7517AA",
        },
        "RouteTableId": Object {
          "Ref": "VpcPrivateSubnet2RouteTableA678073B",
        },
      },
      "Type": "AWS::EC2::Route",
    },
    "VpcPrivateSubnet2RouteTableA678073B": Object {
      "Properties": Object {
        "Tags": Array [
          Object {
            "Key": "kubernetes.io/role/internal-elb",
            "Value": "1",
          },
          Object {
            "Key": "Name",
            "Value": "test/Vpc/PrivateSubnet2",
          },
        ],
        "VpcId": Object {
          "Ref": "Vpc8378EB38",
        },
      },
      "Type": "AWS::EC2::RouteTable",
    },
    "VpcPrivateSubnet2RouteTableAssociationA89CAD56": Object {
      "Properties": Object {
        "RouteTableId": Object {
          "Ref": "VpcPrivateSubnet2RouteTableA678073B",
        },
        "SubnetId": Object {
          "Ref": "VpcPrivateSubnet2Subnet3788AAA1",
        },
      },
      "Type": "AWS::EC2::SubnetRouteTableAssociation",
    },
    "VpcPrivateSubnet2Subnet3788AAA1": Object {
      "Properties": Object {
        "AvailabilityZone": Object {
          "Fn::Select": Array [
            1,
            Object {
              "Fn::GetAZs": "",
            },
          ],
        },
        "CidrBlock": "10.0.192.0/18",
        "MapPublicIpOnLaunch": false,
        "Tags": Array [
          Object {
            "Key": "aws-cdk:subnet-name",
            "Value": "Private",
          },
          Object {
            "Key": "aws-cdk:subnet-type",
            "Value": "Private",
          },
          Object {
            "Key": "kubernetes.io/role/internal-elb",
            "Value": "1",
          },
          Object {
            "Key": "Name",
            "Value": "test/Vpc/PrivateSubnet2",
          },
        ],
        "VpcId": Object {
          "Ref": "Vpc8378EB38",
        },
      },
      "Type": "AWS::EC2::Subnet",
    },
    "VpcPublicSubnet1DefaultRoute3DA9E72A": Object {
      "DependsOn": Array [
        "VpcVPCGWBF912B6E",
      ],
      "Properties": Object {
        "DestinationCidrBlock": "0.0.0.0/0",
        "GatewayId": Object {
          "Ref": "VpcIGWD7BA715C",
        },
        "RouteTableId": Object {
          "Ref": "VpcPublicSubnet1RouteTable6C95E38E",
        },
      },
      "Type": "AWS::EC2::Route",
    },
    "VpcPublicSubnet1EIPD7E02669": Object {
      "Properties": Object {
        "Domain": "vpc",
        "Tags": Array [
          Object {
            "Key": "kubernetes.io/role/elb",
            "Value": "1",
          },
          Object {
            "Key": "Name",
            "Value": "test/Vpc/PublicSubnet1",
          },
        ],
      },
      "Type": "AWS::EC2::EIP",
    },
    "VpcPublicSubnet1NATGateway4D7517AA": Object {
      "Properties": Object {
        "AllocationId": Object {
          "Fn::GetAtt": Array [
            "VpcPublicSubnet1EIPD7E02669",
            "AllocationId",
          ],
        },
        "SubnetId": Object {
          "Ref": "VpcPublicSubnet1Subnet5C2D37C4",
        },
        "Tags": Array [
          Object {
            "Key": "kubernetes.io/role/elb",
            "Value": "1",
          },
          Object {
            "Key": "Name",
            "Value": "test/Vpc/PublicSubnet1",
          },
        ],
      },
      "Type": "AWS::EC2::NatGateway",
    },
    "VpcPublicSubnet1RouteTable6C95E38E": Object {
      "Properties": Object {
        "Tags": Array [
          Object {
            "Key": "kubernetes.io/role/elb",
            "Value": "1",
          },
          Object {
            "Key": "Name",
            "Value": "test/Vpc/PublicSubnet1",
          },
        ],
        "VpcId": Object {
          "Ref": "Vpc8378EB38",
        },
      },
      "Type": "AWS::EC2::RouteTable",
    },
    "VpcPublicSubnet1RouteTableAssociation97140677": Object {
      "Properties": Object {
        "RouteTableId": Object {
          "Ref": "VpcPublicSubnet1RouteTable6C95E38E",
        },
        "SubnetId": Object {
          "Ref": "VpcPublicSubnet1Subnet5C2D37C4",
        },
      },
      "Type": "AWS::EC2::SubnetRouteTableAssociation",
    },
    "VpcPublicSubnet1Subnet5C2D37C4": Object {
      "Properties": Object {
        "AvailabilityZone": Object {
          "Fn::Select": Array [
            0,
            Object {
              "Fn::GetAZs": "",
            },
          ],
        },
        "CidrBlock": "10.0.0.0/18",
        "MapPublicIpOnLaunch": true,
        "Tags": Array [
          Object {
            "Key": "aws-cdk:subnet-name",
            "Value": "Public",
          },
          Object {
            "Key": "aws-cdk:subnet-type",
            "Value": "Public",
          },
          Object {
            "Key": "kubernetes.io/role/elb",
            "Value": "1",
          },
          Object {
            "Key": "Name",
            "Value": "test/Vpc/PublicSubnet1",
          },
        ],
        "VpcId": Object {
          "Ref": "Vpc8378EB38",
        },
      },
      "Type": "AWS::EC2::Subnet",
    },
    "VpcPublicSubnet2DefaultRoute97F91067": Object {
      "DependsOn": Array [
        "VpcVPCGWBF912B6E",
      ],
      "Properties": Object {
        "DestinationCidrBlock": "0.0.0.0/0",
        "GatewayId": Object {
          "Ref": "VpcIGWD7BA715C",
        },
        "RouteTableId": Object {
          "Ref": "VpcPublicSubnet2RouteTable94F7E489",
        },
      },
      "Type": "AWS::EC2::Route",
    },
    "VpcPublicSubnet2RouteTable94F7E489": Object {
      "Properties": Object {
        "Tags": Array [
          Object {
            "Key": "kubernetes.io/role/elb",
            "Value": "1",
          },
          Object {
            "Key": "Name",
            "Value": "test/Vpc/PublicSubnet2",
          },
        ],
        "VpcId": Object {
          "Ref": "Vpc8378EB38",
        },
      },
      "Type": "AWS::EC2::RouteTable",
    },
    "VpcPublicSubnet2RouteTableAssociationDD5762D8": Object {
      "Properties": Object {
        "RouteTableId": Object {
          "Ref": "VpcPublicSubnet2RouteTable94F7E489",
        },
        "SubnetId": Object {
          "Ref": "VpcPublicSubnet2Subnet691E08A3",
        },
      },
      "Type": "AWS::EC2::SubnetRouteTableAssociation",
    },
    "VpcPublicSubnet2Subnet691E08A3": Object {
      "Properties": Object {
        "AvailabilityZone": Object {
          "Fn::Select": Array [
            1,
            Object {
              "Fn::GetAZs": "",
            },
          ],
        },
        "CidrBlock": "10.0.64.0/18",
        "MapPublicIpOnLaunch": true,
        "Tags": Array [
          Object {
            "Key": "aws-cdk:subnet-name",
            "Value": "Public",
          },
          Object {
            "Key": "aws-cdk:subnet-type",
            "Value": "Public",
          },
          Object {
            "Key": "kubernetes.io/role/elb",
            "Value": "1",
          },
          Object {
            "Key": "Name",
            "Value": "test/Vpc/PublicSubnet2",
          },
        ],
        "VpcId": Object {
          "Ref": "Vpc8378EB38",
        },
      },
      "Type": "AWS::EC2::Subnet",
    },
    "VpcVPCGWBF912B6E": Object {
      "Properties": Object {
        "InternetGatewayId": Object {
          "Ref": "VpcIGWD7BA715C",
        },
        "VpcId": Object {
          "Ref": "Vpc8378EB38",
        },
      },
      "Type": "AWS::EC2::VPCGatewayAttachment",
    },
    "awscdkawseksClusterResourceProviderNestedStackawscdkawseksClusterResourceProviderNestedStackResource9827C454": Object {
      "Properties": Object {
        "Parameters": Object {
          "referencetotestAssetParameters50e10880d134a01b440991fc77d217f39f01c2d56945215ee9a3b81187c6f3b1S3BucketD4A6DEA9Ref": Object {
            "Ref": "AssetParameters50e10880d134a01b440991fc77d217f39f01c2d56945215ee9a3b81187c6f3b1S3Bucket36C546E0",
          },
          "referencetotestAssetParameters50e10880d134a01b440991fc77d217f39f01c2d56945215ee9a3b81187c6f3b1S3VersionKeyABD6DB79Ref": Object {
            "Ref": "AssetParameters50e10880d134a01b440991fc77d217f39f01c2d56945215ee9a3b81187c6f3b1S3VersionKey85C003F9",
          },
          "referencetotestAssetParametersc691172cdeefa2c91b5a2907f9d81118e47597634943344795f1a844192dd49cS3BucketA4341268Ref": Object {
            "Ref": "AssetParametersc691172cdeefa2c91b5a2907f9d81118e47597634943344795f1a844192dd49cS3BucketEAC9DD43",
          },
          "referencetotestAssetParametersc691172cdeefa2c91b5a2907f9d81118e47597634943344795f1a844192dd49cS3VersionKeyEB9BE0CARef": Object {
            "Ref": "AssetParametersc691172cdeefa2c91b5a2907f9d81118e47597634943344795f1a844192dd49cS3VersionKeyDD9AE9E7",
          },
          "referencetotestEksClusterCreationRole4FFA009CArn": Object {
            "Fn::GetAtt": Array [
              "EksClusterCreationRole2EDEA315",
              "Arn",
            ],
          },
        },
        "TemplateURL": Object {
          "Fn::Join": Array [
            "",
            Array [
              "https://s3.",
              Object {
                "Ref": "AWS::Region",
              },
              ".",
              Object {
                "Ref": "AWS::URLSuffix",
              },
              "/",
              Object {
                "Ref": "AssetParameters8feff37f34dabaaa3790cb04231503d5bc7696dc5511750b5ba4ef0fba00dad8S3BucketE7703177",
              },
              "/",
              Object {
                "Fn::Select": Array [
                  0,
                  Object {
                    "Fn::Split": Array [
                      "||",
                      Object {
                        "Ref": "AssetParameters8feff37f34dabaaa3790cb04231503d5bc7696dc5511750b5ba4ef0fba00dad8S3VersionKey8064C81D",
                      },
                    ],
                  },
                ],
              },
              Object {
                "Fn::Select": Array [
                  1,
                  Object {
                    "Fn::Split": Array [
                      "||",
                      Object {
                        "Ref": "AssetParameters8feff37f34dabaaa3790cb04231503d5bc7696dc5511750b5ba4ef0fba00dad8S3VersionKey8064C81D",
                      },
                    ],
                  },
                ],
              },
            ],
          ],
        },
      },
      "Type": "AWS::CloudFormation::Stack",
    },
    "awscdkawseksKubectlProviderNestedStackawscdkawseksKubectlProviderNestedStackResourceA7AEBA6B": Object {
      "Properties": Object {
        "Parameters": Object {
          "referencetotestAssetParameters752aa9e7fcf8477dc4910d637ca8e9259ba59e7f1a7d4a3d88ecb6c3c13813f8S3Bucket64BC5694Ref": Object {
            "Ref": "AssetParameters752aa9e7fcf8477dc4910d637ca8e9259ba59e7f1a7d4a3d88ecb6c3c13813f8S3BucketA67326D3",
          },
          "referencetotestAssetParameters752aa9e7fcf8477dc4910d637ca8e9259ba59e7f1a7d4a3d88ecb6c3c13813f8S3VersionKey6D7A0797Ref": Object {
            "Ref": "AssetParameters752aa9e7fcf8477dc4910d637ca8e9259ba59e7f1a7d4a3d88ecb6c3c13813f8S3VersionKey7F484692",
          },
          "referencetotestAssetParametersbafd50ae9f214e496ff8c72c6425f93dca3ccd590e20963706d5d610d9c75757S3BucketB46D7DFCRef": Object {
            "Ref": "AssetParametersbafd50ae9f214e496ff8c72c6425f93dca3ccd590e20963706d5d610d9c75757S3Bucket008DBB35",
          },
          "referencetotestAssetParametersbafd50ae9f214e496ff8c72c6425f93dca3ccd590e20963706d5d610d9c75757S3VersionKeyF56E2940Ref": Object {
            "Ref": "AssetParametersbafd50ae9f214e496ff8c72c6425f93dca3ccd590e20963706d5d610d9c75757S3VersionKey97C3E1A0",
          },
          "referencetotestAssetParametersc691172cdeefa2c91b5a2907f9d81118e47597634943344795f1a844192dd49cS3BucketA4341268Ref": Object {
            "Ref": "AssetParametersc691172cdeefa2c91b5a2907f9d81118e47597634943344795f1a844192dd49cS3BucketEAC9DD43",
          },
          "referencetotestAssetParametersc691172cdeefa2c91b5a2907f9d81118e47597634943344795f1a844192dd49cS3VersionKeyEB9BE0CARef": Object {
            "Ref": "AssetParametersc691172cdeefa2c91b5a2907f9d81118e47597634943344795f1a844192dd49cS3VersionKeyDD9AE9E7",
          },
          "referencetotestEksClusterCreationRole4FFA009CArn": Object {
            "Fn::GetAtt": Array [
              "EksClusterCreationRole2EDEA315",
              "Arn",
            ],
          },
          "referencetotestEksClusterD6F5504DArn": Object {
            "Fn::GetAtt": Array [
              "EksCluster31636A33",
              "Arn",
            ],
          },
          "referencetotestEksClusterD6F5504DClusterSecurityGroupId": Object {
            "Fn::GetAtt": Array [
              "EksCluster31636A33",
              "ClusterSecurityGroupId",
            ],
          },
          "referencetotestVpc2D302CD6Ref": Object {
            "Ref": "Vpc8378EB38",
          },
          "referencetotestVpcPrivateSubnet1SubnetD6A658CERef": Object {
            "Ref": "VpcPrivateSubnet1Subnet536B997A",
          },
          "referencetotestVpcPrivateSubnet2Subnet72DFDA9DRef": Object {
            "Ref": "VpcPrivateSubnet2Subnet3788AAA1",
          },
        },
        "TemplateURL": Object {
          "Fn::Join": Array [
            "",
            Array [
              "https://s3.",
              Object {
                "Ref": "AWS::Region",
              },
              ".",
              Object {
                "Ref": "AWS::URLSuffix",
              },
              "/",
              Object {
                "Ref": "AssetParameters4287ecdbeaaf6e8e1a62c84f90eaf68e9c7ed8a17c7a2a8e2044fcb2e4afcfc1S3Bucket2DEA37BC",
              },
              "/",
              Object {
                "Fn::Select": Array [
                  0,
                  Object {
                    "Fn::Split": Array [
                      "||",
                      Object {
                        "Ref": "AssetParameters4287ecdbeaaf6e8e1a62c84f90eaf68e9c7ed8a17c7a2a8e2044fcb2e4afcfc1S3VersionKey010AEC34",
                      },
                    ],
                  },
                ],
              },
              Object {
                "Fn::Select": Array [
                  1,
                  Object {
                    "Fn::Split": Array [
                      "||",
                      Object {
                        "Ref": "AssetParameters4287ecdbeaaf6e8e1a62c84f90eaf68e9c7ed8a17c7a2a8e2044fcb2e4afcfc1S3VersionKey010AEC34",
                      },
                    ],
                  },
                ],
              },
            ],
          ],
        },
      },
      "Type": "AWS::CloudFormation::Stack",
    },
  },
}
`;
